---
source: tests/parser/metadata_tests.rs
expression: result
---
~
