---
source: tests/parser/metadata_tests.rs
expression: metadata
---
author: Author
title: Test
