---
source: tests/parser/html_tests.rs
expression: "(html, toc, metadata)"
---
- "<h1 id=\"main-title\">Main Title</h1>\n<p>Text with <i>bold</i>, <em>italic</em>, <code>code</code>, and <s>strikethrough</s>.</p><h2 id=\"lists\">Lists</h2>\n<ul><li>Item 1</li></ul><ul><li>Item 2</li></ul><ol><li>Number 1</li></ol><ol><li>Number 2</li></ol><h2 id=\"link\">Link</h2>\n<p><a href=\"https://example.com\" target=\"_blank\">link text</a></p>"
- - level: 1
    title: Main Title
    id: main-title
  - level: 2
    title: Lists
    id: lists
  - level: 2
    title: Link
    id: link
- author: Drake Bott
  tags:
    - "\"test\", \"basic\""
  title: Basic Norg
