---
source: tests/parser/metadata_tests.rs
expression: metadata
---
published: true
tags:
  - rust
  - norg
title: Test Document
version: 42
