---
source: tests/parser/metadata_tests.rs
expression: metadata
---
author: Drake Bott
title: Valid
